{"ack": {"cond_m", "cond_n", "m1", "n1", "one", "t1", "t2", "tmp", "zero"}, "main": {"tmp"}}