{"main": {"i", "max", "min", "target", "v0", "v1", "v10", "v11", "v12", "v14", "v15", "v16", "v17", "v19", "v2", "v20", "v21", "v22", "v23", "v24", "v25", "v26", "v27", "v3", "v4", "v7", "v8", "v9"}, "midpoint": {"sum", "v0", "v1", "v2", "v3", "v4", "v5"}}