{"main": {"i", "n", "sum", "v0", "v1", "v10", "v11", "v12", "v13", "v14", "v15", "v16", "v3", "v4", "v5", "v6", "v7", "v8", "v9"}}